[install] ==> PREFLIGHT
[install]   bundle:    /var/lib/exocomp-qualification/evidence/live/exocomp-complete-0.1.0-rc.2-linux-arm64/releases/exocomp-coordinator-0.1.0-linux-arm64.tar.gz
[install]   version:   0.1.0-rc.2
[install]   component: coordinator
[install]   peer:      node 0.1.0-rc.2 (compatible major version)
[install]   arch:      aarch64
[install]   checksums: /var/lib/exocomp-qualification/evidence/live/exocomp-complete-0.1.0-rc.2-linux-arm64/manifest.sha256
[install]   verifying checksums...
[install]   checksum OK: 178e88ad67d33a9f7daab04b97cab7e4ba24a233a35b67407a1f4fb28e7411f1
[install]   preflight passed
[install] ==> USERS AND DIRECTORIES
[install]   creating system user: exocomp-coordinator
[install]   creating directories
[install]   directories configured
[install] ==> INSTALL RELEASE
[install]   extracting /var/lib/exocomp-qualification/evidence/live/exocomp-complete-0.1.0-rc.2-linux-arm64/releases/exocomp-coordinator-0.1.0-linux-arm64.tar.gz
[install]   release 0.1.0-rc.2 staged
[install] ==> CONFIGURATION
[install]   installing config template: /opt/exocomp/coordinator/config/coordinator.json
[install] ==> RELEASE COOKIE
[install]   protected release cookie provisioned
[install] ==> CONFIG VALIDATION
[install]   staged release accepted configuration
[install] ==> CURRENT VERSION SWITCH
[install]   current -> releases/0.1.0-rc.2
[install] ==> SUDOERS POLICY
[install]   validating with visudo...
/etc/sudoers.d/exocomp-coordinator: parsed OK
[install]   visudo check passed
[install]   sudoers policy installed: /etc/sudoers.d/exocomp-coordinator
[install] ==> SYSTEMD UNIT
[install]   unit installed: /etc/systemd/system/exocomp-coordinator.service
[install] ==> ACTIVATE
[install]   --no-start set; skipping service start
[install] ==> MANIFEST
[install]   manifest written: /opt/exocomp/coordinator/manifest-0.1.0-rc.2.txt

[install] ==> exocomp-coordinator 0.1.0-rc.2 installed successfully
[install]     install: /opt/exocomp/coordinator
[install]     config:  /opt/exocomp/coordinator/config/coordinator.json
[install]     log:     /opt/exocomp/coordinator/log/
exit_code=0
