=== lint start 2026-07-26T02:09:48+00:00 ===
./scripts/test-release-builders.sh
Test 1: valid release (amd64) — expect PASS
  PASS: valid amd64 release accepted
Test 2: valid release (arm64) — expect PASS
  PASS: valid arm64 release accepted
Test 3: release with undeclared dependency — expect FAIL
  PASS: release with undeclared dependency correctly rejected
Test 4: dep-report.json produced after valid run
  PASS: dep-report.json includes parsed dependencies and interpreter
Test 5: dep-report.json produced after failing run
  PASS: dep-report.json produced on failure and starts with '{'
Test 6: release without ERTS directory — expect exit 2
  PASS: missing ERTS directory correctly rejected with exit code 2
Test 7: unsupported architecture — expect exit 2
  PASS: unsupported architecture correctly rejected
Test 8: missing baseline file — expect exit 2
  PASS: missing baseline file correctly rejected
Test 9: readelf failure — expect exit 2
  PASS: readelf failure correctly rejected with exit code 2

Results: 9 passed, 0 failed

=== Offline structural checks ===
  PASS: test-clean-container.sh exists and is executable
  PASS: test-release-matrix.sh is non-interactive
  PASS: test-clean-container.sh is non-interactive
  PASS: docs/release-qualification.md exists
  PASS: docs/release-qualification.md documents emulated execution
  PASS: docs/release-qualification.md documents wrong-arch diagnostic
  PASS: Makefile has test-release-matrix target

=== Offline fixture: wrong-arch detection ===
  PASS: wrong-arch produces actionable diagnostic

=== Offline fixture: missing runtime dependency detection ===
  PASS: missing dep produces actionable diagnostic

=== Offline fixture: path-independent content digest ===
  PASS: identical trees at different root paths have matching digests
  PASS: one-byte runtime cookie change produces a different tree digest
  PASS: deterministic release packagers exist and are executable
  PASS: packager excludes reusable release cookies

=== Offline mode: skipping build, container, and live negative tests ===

==========================================
Results: 13 passed, 0 failed
==========================================
test_archive_metadata_is_normalized_to_source_epoch (test_package_release.PackageReleaseTest.test_archive_metadata_is_normalized_to_source_epoch) ... ok
test_archive_omits_cookie_and_embeds_identity (test_package_release.PackageReleaseTest.test_archive_omits_cookie_and_embeds_identity) ... ok
test_equivalent_inputs_produce_byte_identical_archives (test_package_release.PackageReleaseTest.test_equivalent_inputs_produce_byte_identical_archives) ... ok
test_manifest_records_identity_archive_hash_and_complete_payload (test_package_release.PackageReleaseTest.test_manifest_records_identity_archive_hash_and_complete_payload) ... ok
test_product_and_architecture_naming_matrix (test_package_release.PackageReleaseTest.test_product_and_architecture_naming_matrix) ... ok
test_annotated_tag_uses_peeled_commit_timestamp (test_package_release.PackageReleasesScriptTest.test_annotated_tag_uses_peeled_commit_timestamp) ... ok

----------------------------------------------------------------------
Ran 6 tests in 14.615s

OK
test_adds_stable_sort_and_is_idempotent (test_release_input_normalizer.ReleaseInputNormalizerTest.test_adds_stable_sort_and_is_idempotent) ... ok
test_changed_lock_identity_fails_closed_without_editing_source (test_release_input_normalizer.ReleaseInputNormalizerTest.test_changed_lock_identity_fails_closed_without_editing_source) ... ok
test_changed_source_shape_fails_closed (test_release_input_normalizer.ReleaseInputNormalizerTest.test_changed_source_shape_fails_closed) ... ok

----------------------------------------------------------------------
Ran 3 tests in 1.285s

OK
test_all_shell_command_blocks_parse (test_operator_docs.OperatorDocumentationTest.test_all_shell_command_blocks_parse) ... ok
test_documented_lifecycle_flags_exist_in_shipped_scripts (test_operator_docs.OperatorDocumentationTest.test_documented_lifecycle_flags_exist_in_shipped_scripts) ... ok
test_guides_cover_required_safety_and_lifecycle_topics (test_operator_docs.OperatorDocumentationTest.test_guides_cover_required_safety_and_lifecycle_topics) ... ok
test_qualification_accepts_full_system_vms_and_discloses_emulation (test_operator_docs.OperatorDocumentationTest.test_qualification_accepts_full_system_vms_and_discloses_emulation) ... ok
test_required_guides_are_linked_from_index (test_operator_docs.OperatorDocumentationTest.test_required_guides_are_linked_from_index) ... ok

----------------------------------------------------------------------
Ran 5 tests in 1.350s

OK
release builder definitions are pinned and valid
podman run --rm --init --userns=keep-id --platform linux/arm64 --pull always --env ELIXIR_VERSION=1.20.2 --env OTP_VERSION=28.5.0.3 --env GLIBC_BASELINE=2.36 --env MIX_HOME=/workspace/.mix-home --env HEX_HOME=/workspace/.hex-home --volume "/var/lib/exocomp-qualification/src:/workspace" --workdir /workspace docker.io/hexpm/elixir:1.20.2-erlang-28.5.0.3-debian-bookworm-20260713-slim@sha256:0ae929af91a43a4ae2563b5de6e2f71be0a8181bce93cfcb09690bc037e5eecc sh -c 'mix local.hex --force --quiet && mix deps.get && \
	mix format --check-formatted && \
	MIX_ENV=test mix compile --force --warnings-as-errors'
Trying to pull docker.io/hexpm/elixir@sha256:0ae929af91a43a4ae2563b5de6e2f71be0a8181bce93cfcb09690bc037e5eecc...
Getting image source signatures
Copying blob sha256:3e10193b55e9f0e98961d4bc9ba1d3f8bedcd5bf9a78d75914edf319ecd6cc2d
Copying blob sha256:ff4ac08643b061cc0f2eed153ff4d36745423880e135b84f6a904c288bb9fb3b
Copying blob sha256:d7cbca7f530ec625da4a84bf5be022d12f6c0dd615d1244f6b36641513cec5a7
Copying blob sha256:53bb9e501f1803aca595be8d902a62cea6bf4d996ce6f7dfe16c1c97be343e6c
Copying config sha256:5d634838ce321f25a6e2fba1487e55a96529beb7bf783f423cc5e2829baf7cdd
Writing manifest to image destination
* creating .mix-home/archives/hex-2.5.1
warning: path "apps/fixtures" is a directory but it has no mix.exs. Mix won't consider this directory as part of your umbrella application. Please add a "mix.exs" or set the ":apps" key in your umbrella configuration with all relevant apps names as atoms
Resolving Hex dependencies...
Resolution completed in 1.294s
Unchanged:
  bandit 1.12.1
  hpax 1.0.4
  jason 1.4.5
  mime 2.0.7
  nimble_options 1.1.1
  plug 1.20.3
  plug_crypto 2.2.0
  telemetry 1.4.2
  thousand_island 1.5.0
  websock 0.5.3
  x509 0.9.2
warning: path "apps/fixtures" is a directory but it has no mix.exs. Mix won't consider this directory as part of your umbrella application. Please add a "mix.exs" or set the ":apps" key in your umbrella configuration with all relevant apps names as atoms
==> bench
Compiling 12 files (.ex)
Generated bench app
==> exocomp_core
Compiling 22 files (.ex)
Generated exocomp_core app
==> exocomp_coordinator
Compiling 42 files (.ex)
Generated exocomp_coordinator app
==> exocomp_node
Compiling 55 files (.ex)
Generated exocomp_node app
make[1]: Entering directory '/var/lib/exocomp-qualification/src'
compliance: all checks passed
make[1]: Leaving directory '/var/lib/exocomp-qualification/src'
=== lint end 2026-07-26T02:14:07+00:00 rc=0 ===
